
▶ 生成工程并按 Developer ID 归档导出
2026-08-10 22:03:47.711 xcodebuild[42483:1882770] [MT] IDERunDestination: Supported platforms for the buildables in the current scheme is empty.
--- xcodebuild: WARNING: Using the first of multiple matching destinations:
{ platform:macOS, arch:arm64, id:00006000-001868123AFA401E, name:My Mac }
{ platform:macOS, arch:x86_64, id:00006000-001868123AFA401E, name:My Mac }
2026-08-10 22:03:52.771 xcodebuild[42639:1883664] [MT] IDEDistribution: -[IDEDistributionLogging _createLoggingBundleAtPath:]: Created bundle at path "/var/folders/vh/rjmstnq923sd_d1w8mn9c0fw0000gn/T/Mirror_2026-08-10_22-03-52.770.xcdistributionlogs".

▶ 校验应用和内嵌更新组件签名
--prepared:/Users/geraltgraham/Codes/Mirror/build/Export/Mirror.app/Contents/Frameworks/Sparkle.framework/Versions/Current/.
--prepared:/Users/geraltgraham/Codes/Mirror/build/Export/Mirror.app/Contents/Frameworks/Sparkle.framework/Versions/Current/XPCServices/Downloader.xpc
--prepared:/Users/geraltgraham/Codes/Mirror/build/Export/Mirror.app/Contents/Frameworks/Sparkle.framework/Versions/Current/Autoupdate
--validated:/Users/geraltgraham/Codes/Mirror/build/Export/Mirror.app/Contents/Frameworks/Sparkle.framework/Versions/Current/Autoupdate
--validated:/Users/geraltgraham/Codes/Mirror/build/Export/Mirror.app/Contents/Frameworks/Sparkle.framework/Versions/Current/XPCServices/Downloader.xpc
--prepared:/Users/geraltgraham/Codes/Mirror/build/Export/Mirror.app/Contents/Frameworks/Sparkle.framework/Versions/Current/Updater.app
--prepared:/Users/geraltgraham/Codes/Mirror/build/Export/Mirror.app/Contents/Frameworks/Sparkle.framework/Versions/Current/XPCServices/Installer.xpc
--validated:/Users/geraltgraham/Codes/Mirror/build/Export/Mirror.app/Contents/Frameworks/Sparkle.framework/Versions/Current/Updater.app
--validated:/Users/geraltgraham/Codes/Mirror/build/Export/Mirror.app/Contents/Frameworks/Sparkle.framework/Versions/Current/XPCServices/Installer.xpc
--validated:/Users/geraltgraham/Codes/Mirror/build/Export/Mirror.app/Contents/Frameworks/Sparkle.framework/Versions/Current/.
/Users/geraltgraham/Codes/Mirror/build/Export/Mirror.app: valid on disk
/Users/geraltgraham/Codes/Mirror/build/Export/Mirror.app: satisfies its Designated Requirement

▶ 公证应用并装订票据
苹果公证通过，提交编号：472dce89-fb44-48ea-b8ed-59751b196146

▶ 生成已装订票据的自动更新包

▶ 制作、公证并装订首装 DMG
hdiutil: WARNING: 'hdiutil create -volname -format ...' is deprecated. Please use 'diskutil image create from/blank --volumeName --format ...' instead.
苹果公证通过，提交编号：e433b27c-6079-46ae-bb94-1df6cc2c4096
/Users/geraltgraham/Codes/Mirror/build/Mirror.dmg: accepted
source=no usable signature
override=security disabled

▶ 覆盖安装最终应用并启动验证
--prepared:/Applications/Mirror.app/Contents/Frameworks/Sparkle.framework/Versions/Current/.
--prepared:/Applications/Mirror.app/Contents/Frameworks/Sparkle.framework/Versions/Current/Autoupdate
--validated:/Applications/Mirror.app/Contents/Frameworks/Sparkle.framework/Versions/Current/Autoupdate
--prepared:/Applications/Mirror.app/Contents/Frameworks/Sparkle.framework/Versions/Current/Updater.app
--validated:/Applications/Mirror.app/Contents/Frameworks/Sparkle.framework/Versions/Current/Updater.app
--prepared:/Applications/Mirror.app/Contents/Frameworks/Sparkle.framework/Versions/Current/XPCServices/Downloader.xpc
--validated:/Applications/Mirror.app/Contents/Frameworks/Sparkle.framework/Versions/Current/XPCServices/Downloader.xpc
--prepared:/Applications/Mirror.app/Contents/Frameworks/Sparkle.framework/Versions/Current/XPCServices/Installer.xpc
--validated:/Applications/Mirror.app/Contents/Frameworks/Sparkle.framework/Versions/Current/XPCServices/Installer.xpc
--validated:/Applications/Mirror.app/Contents/Frameworks/Sparkle.framework/Versions/Current/.
/Applications/Mirror.app: valid on disk
/Applications/Mirror.app: satisfies its Designated Requirement

▶ 提交源码、创建标签并发布首装包
